// Jest Snapshot v1, https://goo.gl/fbAQLP

exports[`report shows the html output 1`] = `
Object {
  "html": "Failed on lines: 3
  <header class=\\"site site-masthead slds-grid slds-wrap\\">
[31m    <div class=\\"site-masthead-title slds-has-flexi-truncate slds-align-middle\\">[39m
[32m    <div alt=\\"FAIL\\" class=\\"site-masthead-title slds-has-flexi-truncate slds-align-middle\\">[39m
      <span class=\\"slds-hide docsearch-category\\">Colors</span>",
  "style": "",
}
`;

exports[`report shows the style output 1`] = `
Object {
  "html": "",
  "style": "Failed on lines: 0, 3
<main class=\\"site-main slds-order_1\\" role=\\"main\\" id=\\"content\\">
{
border-bottom-color: [31mrgb(22, 50, 92)[39m [32mrgb(22, 666, 92),[39m
[32m[39m}
<span class=\\"slds-hide docsearch-category\\">
{
display: [31mvisible[39m [32mnone,[39m
[32m[39m}",
}
`;
